[2026-04-10 10:13:47] === Starting Attendance/Payroll Discrepancy Fix ===
[2026-04-10 10:13:47] Step 1: Creating backup table: daily_payroll_reports_backup_2026_04_10_101347
[2026-04-10 10:13:47] ✓ Backup created successfully: daily_payroll_reports_backup_2026_04_10_101347
[2026-04-10 10:13:47] 
Step 2: Investigating orphaned records...
[2026-04-10 10:13:47] Found orphaned records:
[2026-04-10 10:13:47]   - Total orphaned records: 0
[2026-04-10 10:13:47]   - Affected employees: 0
[2026-04-10 10:13:47]   - Total incorrect days: 
[2026-04-10 10:13:47]   - Date range:  to 
[2026-04-10 10:13:47] 
Step 4: Deleting orphaned records...
[2026-04-10 10:13:47] ✓ Deleted 0 orphaned records
[2026-04-10 10:13:47] 
Step 5: Regenerating clean payroll data for April 2026...
[2026-04-10 10:13:47] ✓ Regenerated 17 new records (processed: 17, skipped existing: 4)
[2026-04-10 10:13:47] 
Step 6: Creating database trigger to prevent orphaned records...
[2026-04-10 10:13:47] ⚠ Could not create trigger (may already exist or insufficient privileges): You have an error in your SQL syntax; check the manual that corresponds to your MySQL server version for the right syntax to use near 'DELIMITER //
CREATE TRIGGER IF NOT EXISTS trg_validate_attendance_before_dpr_ins' at line 1
[2026-04-10 10:13:47] 
=== Fix Complete ===
[2026-04-10 10:13:47] Backup table: daily_payroll_reports_backup_2026_04_10_101347
[2026-04-10 10:13:47] Review log at: C:\wamp64\www\main\employee\cron/fix_attendance_discrepancy.log
