[2026-04-11 11:47:43] === Starting Monthly Leave Credit Process ===
[2026-04-11 11:47:43] Processing credits for: 2026-4 (Date: 2026-04-11)
[2026-04-11 11:47:43] ERROR: employee_leaves table does not exist! Run setup_leave_system.php first.
[2026-04-11 11:58:35] === Starting Monthly Leave Credit Process ===
[2026-04-11 11:58:35] Processing credits for: 2026-4 (Date: 2026-04-11)
[2026-04-11 11:58:35] Found 78 active employees needing credit for 2026-4
[2026-04-11 11:58:35] ✓ Credited: ALFREDO BAGUIO (E0006) - ID: 16
[2026-04-11 11:58:35] ✓ Credited: ROLLY BALTAZAR (E0007) - ID: 17
[2026-04-11 11:58:35] ✓ Credited: DONG BAUTISTA (E0008) - ID: 18
[2026-04-11 11:58:35] ✓ Credited: NOEL ARIZ (E0004) - ID: 14
[2026-04-11 11:58:35] ✓ Credited: Super Adminesu (SA001) - ID: 6
[2026-04-11 11:58:35] ✓ Credited: DANIEL BACHILLER (E0005) - ID: 15
[2026-04-11 11:58:35] ✓ Credited: AARIZ MARLOU (E0001) - ID: 11
[2026-04-11 11:58:35] ✓ Credited: CESAR ABUBO (E0002) - ID: 12
[2026-04-11 11:58:35] ✓ Credited: MARLON AGUILAR (E0003) - ID: 13
[2026-04-11 11:58:35] ✓ Credited: JANLY BELINO (E0009) - ID: 19
[2026-04-11 11:58:35] ✓ Credited: MENUEL BENITEZ (E0010) - ID: 20
[2026-04-11 11:58:35] ✓ Credited: GELMAR BERNACHEA (E0011) - ID: 21
[2026-04-11 11:58:35] ✓ Credited: JOMAR CABANBAN (E0012) - ID: 22
[2026-04-11 11:58:35] ✓ Credited: MARIO CABANBAN (E0013) - ID: 23
[2026-04-11 11:58:35] ✓ Credited: KELVIN CALDERON (E0014) - ID: 24
[2026-04-11 11:58:35] ✓ Credited: FLORANTE CALUZA (E0015) - ID: 25
[2026-04-11 11:58:35] ✓ Credited: MELVIN CAMPOS (E0016) - ID: 26
[2026-04-11 11:58:35] ✓ Credited: JERWIN CAMPOS (E0017) - ID: 27
[2026-04-11 11:58:35] ✓ Credited: BENJIE CARAS (E0018) - ID: 28
[2026-04-11 11:58:35] ✓ Credited: BONJO DACUMOS (E0019) - ID: 29
[2026-04-11 11:58:35] ✓ Credited: RYAN DEOCARIS (E0020) - ID: 30
[2026-04-11 11:58:35] ✓ Credited: BEN ESTEPA (E0021) - ID: 31
[2026-04-11 11:58:35] ✓ Credited: MAR DAVE FLORES (E0022) - ID: 32
[2026-04-11 11:58:35] ✓ Credited: ALBERT FONTANILLA (E0023) - ID: 33
[2026-04-11 11:58:35] ✓ Credited: JOHN WILSON FONTANILLA (E0024) - ID: 34
[2026-04-11 11:58:35] ✓ Credited: LEO GURTIZA (E0025) - ID: 35
[2026-04-11 11:58:35] ✓ Credited: JOSE IGLECIAS (E0026) - ID: 36
[2026-04-11 11:58:35] ✓ Credited: JEFFREY JIMENEZ (E0027) - ID: 37
[2026-04-11 11:58:35] ✓ Credited: WILSON LICTAOA (E0028) - ID: 38
[2026-04-11 11:58:35] ✓ Credited: LORETO MABALO (E0029) - ID: 39
[2026-04-11 11:58:35] ✓ Credited: ROMEL MALLARE (E0030) - ID: 40
[2026-04-11 11:58:35] ✓ Credited: SAMUEL SR. MARQUEZ (E0031) - ID: 41
[2026-04-11 11:58:35] ✓ Credited: ROLLY MARZAN (E0032) - ID: 42
[2026-04-11 11:58:35] ✓ Credited: RONALD MARZAN (E0033) - ID: 43
[2026-04-11 11:58:35] ✓ Credited: WILSON MARZAN (E0034) - ID: 44
[2026-04-11 11:58:35] ✓ Credited: MARVIN MIRANDA (E0035) - ID: 45
[2026-04-11 11:58:35] ✓ Credited: JOE MONTERDE (E0036) - ID: 46
[2026-04-11 11:58:35] ✓ Credited: ALDRED NATARTE (E0037) - ID: 47
[2026-04-11 11:58:35] ✓ Credited: ARNOLD NERIDO (E0038) - ID: 48
[2026-04-11 11:58:35] ✓ Credited: RONEL NOSES (E0039) - ID: 49
[2026-04-11 11:58:35] ✓ Credited: DANNY PADILLA (E0040) - ID: 50
[2026-04-11 11:58:35] ✓ Credited: EDGAR PANEDA (E0041) - ID: 51
[2026-04-11 11:58:35] ✓ Credited: JEREMY PIMENTEL (E0042) - ID: 52
[2026-04-11 11:58:35] ✓ Credited: MIGUEL PREPOSI (E0043) - ID: 53
[2026-04-11 11:58:35] ✓ Credited: JUN ROAQUIN (E0044) - ID: 54
[2026-04-11 11:58:35] ✓ Credited: RICKMAR SANTOS (E0045) - ID: 55
[2026-04-11 11:58:35] ✓ Credited: RIO SILOY (E0046) - ID: 56
[2026-04-11 11:58:35] ✓ Credited: NORMAN TARAPE (E0047) - ID: 57
[2026-04-11 11:58:35] ✓ Credited: HILMAR TATUNAY (E0048) - ID: 58
[2026-04-11 11:58:35] ✓ Credited: KENNETH JOHN UGAS (E0049) - ID: 59
[2026-04-11 11:58:35] ✓ Credited: CLYDE JUSTINE VASADRE (E0050) - ID: 60
[2026-04-11 11:58:35] ✓ Credited: JOYLENE F. BALANON (ENG-2026-0005) - ID: 63
[2026-04-11 11:58:35] ✓ Credited: VERGEL DACUMOS (E0053) - ID: 122
[2026-04-11 11:58:35] ✓ Credited: REAL RAIN IVERSON (E0054) - ID: 123
[2026-04-11 11:58:35] ✓ Credited: RONALYN MALLARE (ADMIN-2026-0002) - ID: 67
[2026-04-11 11:58:35] ✓ Credited: MICHELLE F. NORIAL (ENG-2026-0001) - ID: 68
[2026-04-11 11:58:35] ✓ Credited: JHUNEL CANCHO (E0058) - ID: 127
[2026-04-11 11:58:35] ✓ Credited: VOHANN MIRANDA (E0055) - ID: 124
[2026-04-11 11:58:35] ✓ Credited: SONNY OCCIANO (E0056) - ID: 125
[2026-04-11 11:58:35] ✓ Credited: RANDY ATON (E0065) - ID: 126
[2026-04-11 11:58:35] ✓ Credited: Marc Arzadon (SA-2026-004) - ID: 120
[2026-04-11 11:58:35] ✓ Credited: Daniel Rillera (IT-2026-001) - ID: 137
[2026-04-11 11:58:35] ✓ Credited: Junell Tadina (PRO-2026-0001) - ID: 115
[2026-04-11 11:58:35] ✓ Credited: Julius John Echague (ENG-2026-0003) - ID: 114
[2026-04-11 11:58:35] ✓ Credited: JOSHUA ARQUITOLA (E0052) - ID: 121
[2026-04-11 11:58:35] ✓ Credited: John Kennedy Lucas (ENG-2026-0002) - ID: 113
[2026-04-11 11:58:35] ✓ Credited: Winnielyn Kaye Olarte (ENG-2026-0006) - ID: 116
[2026-04-11 11:58:35] ✓ Credited: ELAINE Aguilar (ADMIN-2026-0001) - ID: 117
[2026-04-11 11:58:35] ✓ Credited: Jason Wong (SA-2026-002) - ID: 118
[2026-04-11 11:58:35] ✓ Credited: Lee Aldrich Rimando (SA-2026-003) - ID: 119
[2026-04-11 11:58:35] ✓ Credited: Admin Charisse (ADMIN-2026-0003) - ID: 135
[2026-04-11 11:58:35] ✓ Credited: HECTOR PADICLAS (E0060) - ID: 129
[2026-04-11 11:58:35] ✓ Credited: MARIANO NERIDO (E0061) - ID: 130
[2026-04-11 11:58:35] ✓ Credited: JAYSON KENNETH PADILLA (E0062) - ID: 131
[2026-04-11 11:58:35] ✓ Credited: JEFFREY ZAMORA (E0063) - ID: 132
[2026-04-11 11:58:35] ✓ Credited: FRANKIE PADILLA (E0064) - ID: 133
[2026-04-11 11:58:35] ✓ Credited: ROMEO GURION (E0066) - ID: 134
[2026-04-11 11:58:35] ✓ Credited: Marjorie Garcia (ADMIN-2026-0004) - ID: 136
[2026-04-11 11:58:35] === Monthly Leave Credit Summary ===
[2026-04-11 11:58:35] Total employees processed: 78
[2026-04-11 11:58:35] Successfully credited: 78
[2026-04-11 11:58:35] Failed: 0
[2026-04-11 11:58:35] === Monthly Leave Credit Process Complete ===

